// Jest Snapshot v1, https://goo.gl/fbAQLP

exports[`renders correctly 1`] = `
<div>
  <div
    className="container"
  >
    <div
      className="row"
    >
      <a
        href="/"
        onClick={[Function]}
      >
        <h1>
          parldata-frontend
        </h1>
      </a>
    </div>
    <div
      className="row"
    >
      <div
        className="col-sm-3"
      >
        <h2>
          Search
        </h2>
        <h3>
          Keyword
        </h3>
        <input
          className="form-control"
          id={undefined}
          onChange={[Function]}
          type={undefined}
        />
        <h3>
          Speakers
        </h3>
        <ul />
      </div>
      <div
        className="col-sm-9"
      >
        <div>
          <h2>
            0
             találat:
          </h2>
          ,
          <div />
        </div>
      </div>
    </div>
  </div>
</div>
`;
