// Jest Snapshot v1, https://goo.gl/fbAQLP

exports[`renders correctly 1`] = `
<div>
  <div
    className="container"
  >
    <div
      className="row"
    >
      <h1>
        A magyar országgyűlés felszólalásai 1990 óta
      </h1>
    </div>
    <div
      className="row"
    >
      <div>
        <div
          className="Loading__loading___1m_fZ"
        >
          <div
            className="Loading__bar___21yOt"
            style={
              Object {
                "background": "red",
                "display": "none",
                "width": "0%",
              }
            }
          >
            <div
              className="Loading__peg___3Y_28"
            />
          </div>
        </div>
      </div>
      <div
        className="col-sm-3"
      >
        <h2>
          Kereső
        </h2>
        <input
          className="form-control"
          id={undefined}
          onBlur={[Function]}
          onChange={[Function]}
          onKeyDown={[Function]}
          type="text"
          value=""
        />
      </div>
      <div
        className="col-sm-9"
      >
        <div
          className="panel panel-info"
        >
          <div
            className="panel-body"
          >
            <p>
              Ez az oldal azért jött létre, hogy az újságírók számára könnyebben kereshetővé váljanak a magyar országgyűlés felszólalásai 1990-től napjainking.
            </p>
            <p>
              A keresőmezőbe írt szó vagy szavak alapján a megjelenő találatok megjelenítik az adott felszólalás szövegét, a felszólaló nevét, a felszólalás címét, a dátumát, a parlament oldalán található szöveghez vezető linket, és azt, hogy melyik ülésszakban hangzott el a beszéd.
            </p>
            <p>
              A találati lista szűkíthető:
            </p>
            <ul>
              <li>
                további keresőszavak megadásával;
              </li>
              <li>
                egy vagy több felszólaló kiválasztásával;
              </li>
              <li>
                dátum szerinti pontosítással az év (YYYY), a hónap (MM) és a nap (DD) megadásával, vagy a mezőbe kattintva a legördülő naptár segítségével.
              </li>
            </ul>
            <button
              className="btn btn-primary"
              disabled={false}
              onClick={[Function]}
              type="button"
            >
              Elrejtés
            </button>
          </div>
        </div>
      </div>
    </div>
  </div>
</div>
`;
